[ {
  "url" : "http://localhost:X/product/1",
  "method" : "GET",
  "headers" : {
    "Accept" : "application/json, application/*+json",
    "Connection" : "keep-alive"
  },
  "cookies" : { },
  "body" : ""
} ]