[ {
  "url" : "http://localhost:X/pet/123",
  "method" : "DELETE",
  "headers" : {
    "Accept" : "application/json, application/*+json",
    "Connection" : "keep-alive",
    "api_key" : "asd"
  },
  "cookies" : { },
  "body" : ""
} ]