[ {
  "url" : "http://localhost:X/product",
  "method" : "POST",
  "headers" : {
    "Accept" : "application/json, application/*+json",
    "Connection" : "keep-alive",
    "Content-Length" : "8",
    "Content-Type" : "application/json;charset=UTF-8"
  },
  "cookies" : { },
  "body" : "{\"id\":1}"
} ]